// Jest Snapshot v1, https://goo.gl/fbAQLP

exports[`Login Login Page render 1`] = `
ShallowWrapper {
  Symbol(enzyme.__root__): [Circular],
  Symbol(enzyme.__unrendered__): <Login
    history={
      Object {
        "push": [MockFunction],
      }
    }
  />,
  Symbol(enzyme.__renderer__): Object {
    "batchedUpdates": [Function],
    "checkPropTypes": [Function],
    "getNode": [Function],
    "render": [Function],
    "simulateError": [Function],
    "simulateEvent": [Function],
    "unmount": [Function],
  },
  Symbol(enzyme.__node__): Object {
    "instance": null,
    "key": undefined,
    "nodeType": "host",
    "props": Object {
      "children": <div
        style={
          Object {
            "bottom": 0,
            "left": 0,
            "margin": "auto",
            "maxWidth": 500,
            "minWidth": 300,
            "position": "absolute",
            "right": 0,
            "top": 0,
          }
        }
      >
        <form>
          <fieldset>
            <legend
              style={
                Object {
                  "fontSize": 20,
                  "margin": 10,
                }
              }
            >
              Login here
            </legend>
            <label
              style={
                Object {
                  "display": "table-cell",
                  "fontSize": 20,
                  "margin": 10,
                  "width": "90%",
                }
              }
            >
              Username
            </label>
            <br />
            <input
              id="username"
              onChange={[Function]}
              placeholder="Username"
              style={
                Object {
                  "display": "table-cell",
                  "fontSize": 20,
                  "margin": 10,
                  "width": "90%",
                }
              }
              type="text"
              value=""
            />
            <label
              style={
                Object {
                  "display": "table-cell",
                  "fontSize": 20,
                  "margin": 10,
                  "width": "90%",
                }
              }
            >
              Password
            </label>
            <input
              id="password"
              onChange={[Function]}
              placeholder="Password"
              style={
                Object {
                  "display": "table-cell",
                  "fontSize": 20,
                  "margin": 10,
                  "width": "90%",
                }
              }
              type="password"
              value=""
            />
            <input
              id="submit"
              onClick={[Function]}
              style={
                Object {
                  "display": "table-cell",
                  "fontSize": 20,
                  "margin": 10,
                  "width": "90%",
                }
              }
              type="button"
              value="Login"
            />
          </fieldset>
        </form>
      </div>,
    },
    "ref": null,
    "rendered": Object {
      "instance": null,
      "key": undefined,
      "nodeType": "host",
      "props": Object {
        "children": <form>
          <fieldset>
            <legend
              style={
                Object {
                  "fontSize": 20,
                  "margin": 10,
                }
              }
            >
              Login here
            </legend>
            <label
              style={
                Object {
                  "display": "table-cell",
                  "fontSize": 20,
                  "margin": 10,
                  "width": "90%",
                }
              }
            >
              Username
            </label>
            <br />
            <input
              id="username"
              onChange={[Function]}
              placeholder="Username"
              style={
                Object {
                  "display": "table-cell",
                  "fontSize": 20,
                  "margin": 10,
                  "width": "90%",
                }
              }
              type="text"
              value=""
            />
            <label
              style={
                Object {
                  "display": "table-cell",
                  "fontSize": 20,
                  "margin": 10,
                  "width": "90%",
                }
              }
            >
              Password
            </label>
            <input
              id="password"
              onChange={[Function]}
              placeholder="Password"
              style={
                Object {
                  "display": "table-cell",
                  "fontSize": 20,
                  "margin": 10,
                  "width": "90%",
                }
              }
              type="password"
              value=""
            />
            <input
              id="submit"
              onClick={[Function]}
              style={
                Object {
                  "display": "table-cell",
                  "fontSize": 20,
                  "margin": 10,
                  "width": "90%",
                }
              }
              type="button"
              value="Login"
            />
          </fieldset>
        </form>,
        "style": Object {
          "bottom": 0,
          "left": 0,
          "margin": "auto",
          "maxWidth": 500,
          "minWidth": 300,
          "position": "absolute",
          "right": 0,
          "top": 0,
        },
      },
      "ref": null,
      "rendered": Object {
        "instance": null,
        "key": undefined,
        "nodeType": "host",
        "props": Object {
          "children": <fieldset>
            <legend
              style={
                Object {
                  "fontSize": 20,
                  "margin": 10,
                }
              }
            >
              Login here
            </legend>
            <label
              style={
                Object {
                  "display": "table-cell",
                  "fontSize": 20,
                  "margin": 10,
                  "width": "90%",
                }
              }
            >
              Username
            </label>
            <br />
            <input
              id="username"
              onChange={[Function]}
              placeholder="Username"
              style={
                Object {
                  "display": "table-cell",
                  "fontSize": 20,
                  "margin": 10,
                  "width": "90%",
                }
              }
              type="text"
              value=""
            />
            <label
              style={
                Object {
                  "display": "table-cell",
                  "fontSize": 20,
                  "margin": 10,
                  "width": "90%",
                }
              }
            >
              Password
            </label>
            <input
              id="password"
              onChange={[Function]}
              placeholder="Password"
              style={
                Object {
                  "display": "table-cell",
                  "fontSize": 20,
                  "margin": 10,
                  "width": "90%",
                }
              }
              type="password"
              value=""
            />
            <input
              id="submit"
              onClick={[Function]}
              style={
                Object {
                  "display": "table-cell",
                  "fontSize": 20,
                  "margin": 10,
                  "width": "90%",
                }
              }
              type="button"
              value="Login"
            />
          </fieldset>,
        },
        "ref": null,
        "rendered": Object {
          "instance": null,
          "key": undefined,
          "nodeType": "host",
          "props": Object {
            "children": Array [
              <legend
                style={
                  Object {
                    "fontSize": 20,
                    "margin": 10,
                  }
                }
              >
                Login here
              </legend>,
              <label
                style={
                  Object {
                    "display": "table-cell",
                    "fontSize": 20,
                    "margin": 10,
                    "width": "90%",
                  }
                }
              >
                Username
              </label>,
              <br />,
              <input
                id="username"
                onChange={[Function]}
                placeholder="Username"
                style={
                  Object {
                    "display": "table-cell",
                    "fontSize": 20,
                    "margin": 10,
                    "width": "90%",
                  }
                }
                type="text"
                value=""
              />,
              <label
                style={
                  Object {
                    "display": "table-cell",
                    "fontSize": 20,
                    "margin": 10,
                    "width": "90%",
                  }
                }
              >
                Password
              </label>,
              <input
                id="password"
                onChange={[Function]}
                placeholder="Password"
                style={
                  Object {
                    "display": "table-cell",
                    "fontSize": 20,
                    "margin": 10,
                    "width": "90%",
                  }
                }
                type="password"
                value=""
              />,
              <input
                id="submit"
                onClick={[Function]}
                style={
                  Object {
                    "display": "table-cell",
                    "fontSize": 20,
                    "margin": 10,
                    "width": "90%",
                  }
                }
                type="button"
                value="Login"
              />,
            ],
          },
          "ref": null,
          "rendered": Array [
            Object {
              "instance": null,
              "key": undefined,
              "nodeType": "host",
              "props": Object {
                "children": "Login here",
                "style": Object {
                  "fontSize": 20,
                  "margin": 10,
                },
              },
              "ref": null,
              "rendered": "Login here",
              "type": "legend",
            },
            Object {
              "instance": null,
              "key": undefined,
              "nodeType": "host",
              "props": Object {
                "children": "Username",
                "style": Object {
                  "display": "table-cell",
                  "fontSize": 20,
                  "margin": 10,
                  "width": "90%",
                },
              },
              "ref": null,
              "rendered": "Username",
              "type": "label",
            },
            Object {
              "instance": null,
              "key": undefined,
              "nodeType": "host",
              "props": Object {},
              "ref": null,
              "rendered": null,
              "type": "br",
            },
            Object {
              "instance": null,
              "key": undefined,
              "nodeType": "host",
              "props": Object {
                "id": "username",
                "onChange": [Function],
                "placeholder": "Username",
                "style": Object {
                  "display": "table-cell",
                  "fontSize": 20,
                  "margin": 10,
                  "width": "90%",
                },
                "type": "text",
                "value": "",
              },
              "ref": null,
              "rendered": null,
              "type": "input",
            },
            Object {
              "instance": null,
              "key": undefined,
              "nodeType": "host",
              "props": Object {
                "children": "Password",
                "style": Object {
                  "display": "table-cell",
                  "fontSize": 20,
                  "margin": 10,
                  "width": "90%",
                },
              },
              "ref": null,
              "rendered": "Password",
              "type": "label",
            },
            Object {
              "instance": null,
              "key": undefined,
              "nodeType": "host",
              "props": Object {
                "id": "password",
                "onChange": [Function],
                "placeholder": "Password",
                "style": Object {
                  "display": "table-cell",
                  "fontSize": 20,
                  "margin": 10,
                  "width": "90%",
                },
                "type": "password",
                "value": "",
              },
              "ref": null,
              "rendered": null,
              "type": "input",
            },
            Object {
              "instance": null,
              "key": undefined,
              "nodeType": "host",
              "props": Object {
                "id": "submit",
                "onClick": [Function],
                "style": Object {
                  "display": "table-cell",
                  "fontSize": 20,
                  "margin": 10,
                  "width": "90%",
                },
                "type": "button",
                "value": "Login",
              },
              "ref": null,
              "rendered": null,
              "type": "input",
            },
          ],
          "type": "fieldset",
        },
        "type": "form",
      },
      "type": "div",
    },
    "type": "div",
  },
  Symbol(enzyme.__nodes__): Array [
    Object {
      "instance": null,
      "key": undefined,
      "nodeType": "host",
      "props": Object {
        "children": <div
          style={
            Object {
              "bottom": 0,
              "left": 0,
              "margin": "auto",
              "maxWidth": 500,
              "minWidth": 300,
              "position": "absolute",
              "right": 0,
              "top": 0,
            }
          }
        >
          <form>
            <fieldset>
              <legend
                style={
                  Object {
                    "fontSize": 20,
                    "margin": 10,
                  }
                }
              >
                Login here
              </legend>
              <label
                style={
                  Object {
                    "display": "table-cell",
                    "fontSize": 20,
                    "margin": 10,
                    "width": "90%",
                  }
                }
              >
                Username
              </label>
              <br />
              <input
                id="username"
                onChange={[Function]}
                placeholder="Username"
                style={
                  Object {
                    "display": "table-cell",
                    "fontSize": 20,
                    "margin": 10,
                    "width": "90%",
                  }
                }
                type="text"
                value=""
              />
              <label
                style={
                  Object {
                    "display": "table-cell",
                    "fontSize": 20,
                    "margin": 10,
                    "width": "90%",
                  }
                }
              >
                Password
              </label>
              <input
                id="password"
                onChange={[Function]}
                placeholder="Password"
                style={
                  Object {
                    "display": "table-cell",
                    "fontSize": 20,
                    "margin": 10,
                    "width": "90%",
                  }
                }
                type="password"
                value=""
              />
              <input
                id="submit"
                onClick={[Function]}
                style={
                  Object {
                    "display": "table-cell",
                    "fontSize": 20,
                    "margin": 10,
                    "width": "90%",
                  }
                }
                type="button"
                value="Login"
              />
            </fieldset>
          </form>
        </div>,
      },
      "ref": null,
      "rendered": Object {
        "instance": null,
        "key": undefined,
        "nodeType": "host",
        "props": Object {
          "children": <form>
            <fieldset>
              <legend
                style={
                  Object {
                    "fontSize": 20,
                    "margin": 10,
                  }
                }
              >
                Login here
              </legend>
              <label
                style={
                  Object {
                    "display": "table-cell",
                    "fontSize": 20,
                    "margin": 10,
                    "width": "90%",
                  }
                }
              >
                Username
              </label>
              <br />
              <input
                id="username"
                onChange={[Function]}
                placeholder="Username"
                style={
                  Object {
                    "display": "table-cell",
                    "fontSize": 20,
                    "margin": 10,
                    "width": "90%",
                  }
                }
                type="text"
                value=""
              />
              <label
                style={
                  Object {
                    "display": "table-cell",
                    "fontSize": 20,
                    "margin": 10,
                    "width": "90%",
                  }
                }
              >
                Password
              </label>
              <input
                id="password"
                onChange={[Function]}
                placeholder="Password"
                style={
                  Object {
                    "display": "table-cell",
                    "fontSize": 20,
                    "margin": 10,
                    "width": "90%",
                  }
                }
                type="password"
                value=""
              />
              <input
                id="submit"
                onClick={[Function]}
                style={
                  Object {
                    "display": "table-cell",
                    "fontSize": 20,
                    "margin": 10,
                    "width": "90%",
                  }
                }
                type="button"
                value="Login"
              />
            </fieldset>
          </form>,
          "style": Object {
            "bottom": 0,
            "left": 0,
            "margin": "auto",
            "maxWidth": 500,
            "minWidth": 300,
            "position": "absolute",
            "right": 0,
            "top": 0,
          },
        },
        "ref": null,
        "rendered": Object {
          "instance": null,
          "key": undefined,
          "nodeType": "host",
          "props": Object {
            "children": <fieldset>
              <legend
                style={
                  Object {
                    "fontSize": 20,
                    "margin": 10,
                  }
                }
              >
                Login here
              </legend>
              <label
                style={
                  Object {
                    "display": "table-cell",
                    "fontSize": 20,
                    "margin": 10,
                    "width": "90%",
                  }
                }
              >
                Username
              </label>
              <br />
              <input
                id="username"
                onChange={[Function]}
                placeholder="Username"
                style={
                  Object {
                    "display": "table-cell",
                    "fontSize": 20,
                    "margin": 10,
                    "width": "90%",
                  }
                }
                type="text"
                value=""
              />
              <label
                style={
                  Object {
                    "display": "table-cell",
                    "fontSize": 20,
                    "margin": 10,
                    "width": "90%",
                  }
                }
              >
                Password
              </label>
              <input
                id="password"
                onChange={[Function]}
                placeholder="Password"
                style={
                  Object {
                    "display": "table-cell",
                    "fontSize": 20,
                    "margin": 10,
                    "width": "90%",
                  }
                }
                type="password"
                value=""
              />
              <input
                id="submit"
                onClick={[Function]}
                style={
                  Object {
                    "display": "table-cell",
                    "fontSize": 20,
                    "margin": 10,
                    "width": "90%",
                  }
                }
                type="button"
                value="Login"
              />
            </fieldset>,
          },
          "ref": null,
          "rendered": Object {
            "instance": null,
            "key": undefined,
            "nodeType": "host",
            "props": Object {
              "children": Array [
                <legend
                  style={
                    Object {
                      "fontSize": 20,
                      "margin": 10,
                    }
                  }
                >
                  Login here
                </legend>,
                <label
                  style={
                    Object {
                      "display": "table-cell",
                      "fontSize": 20,
                      "margin": 10,
                      "width": "90%",
                    }
                  }
                >
                  Username
                </label>,
                <br />,
                <input
                  id="username"
                  onChange={[Function]}
                  placeholder="Username"
                  style={
                    Object {
                      "display": "table-cell",
                      "fontSize": 20,
                      "margin": 10,
                      "width": "90%",
                    }
                  }
                  type="text"
                  value=""
                />,
                <label
                  style={
                    Object {
                      "display": "table-cell",
                      "fontSize": 20,
                      "margin": 10,
                      "width": "90%",
                    }
                  }
                >
                  Password
                </label>,
                <input
                  id="password"
                  onChange={[Function]}
                  placeholder="Password"
                  style={
                    Object {
                      "display": "table-cell",
                      "fontSize": 20,
                      "margin": 10,
                      "width": "90%",
                    }
                  }
                  type="password"
                  value=""
                />,
                <input
                  id="submit"
                  onClick={[Function]}
                  style={
                    Object {
                      "display": "table-cell",
                      "fontSize": 20,
                      "margin": 10,
                      "width": "90%",
                    }
                  }
                  type="button"
                  value="Login"
                />,
              ],
            },
            "ref": null,
            "rendered": Array [
              Object {
                "instance": null,
                "key": undefined,
                "nodeType": "host",
                "props": Object {
                  "children": "Login here",
                  "style": Object {
                    "fontSize": 20,
                    "margin": 10,
                  },
                },
                "ref": null,
                "rendered": "Login here",
                "type": "legend",
              },
              Object {
                "instance": null,
                "key": undefined,
                "nodeType": "host",
                "props": Object {
                  "children": "Username",
                  "style": Object {
                    "display": "table-cell",
                    "fontSize": 20,
                    "margin": 10,
                    "width": "90%",
                  },
                },
                "ref": null,
                "rendered": "Username",
                "type": "label",
              },
              Object {
                "instance": null,
                "key": undefined,
                "nodeType": "host",
                "props": Object {},
                "ref": null,
                "rendered": null,
                "type": "br",
              },
              Object {
                "instance": null,
                "key": undefined,
                "nodeType": "host",
                "props": Object {
                  "id": "username",
                  "onChange": [Function],
                  "placeholder": "Username",
                  "style": Object {
                    "display": "table-cell",
                    "fontSize": 20,
                    "margin": 10,
                    "width": "90%",
                  },
                  "type": "text",
                  "value": "",
                },
                "ref": null,
                "rendered": null,
                "type": "input",
              },
              Object {
                "instance": null,
                "key": undefined,
                "nodeType": "host",
                "props": Object {
                  "children": "Password",
                  "style": Object {
                    "display": "table-cell",
                    "fontSize": 20,
                    "margin": 10,
                    "width": "90%",
                  },
                },
                "ref": null,
                "rendered": "Password",
                "type": "label",
              },
              Object {
                "instance": null,
                "key": undefined,
                "nodeType": "host",
                "props": Object {
                  "id": "password",
                  "onChange": [Function],
                  "placeholder": "Password",
                  "style": Object {
                    "display": "table-cell",
                    "fontSize": 20,
                    "margin": 10,
                    "width": "90%",
                  },
                  "type": "password",
                  "value": "",
                },
                "ref": null,
                "rendered": null,
                "type": "input",
              },
              Object {
                "instance": null,
                "key": undefined,
                "nodeType": "host",
                "props": Object {
                  "id": "submit",
                  "onClick": [Function],
                  "style": Object {
                    "display": "table-cell",
                    "fontSize": 20,
                    "margin": 10,
                    "width": "90%",
                  },
                  "type": "button",
                  "value": "Login",
                },
                "ref": null,
                "rendered": null,
                "type": "input",
              },
            ],
            "type": "fieldset",
          },
          "type": "form",
        },
        "type": "div",
      },
      "type": "div",
    },
  ],
  Symbol(enzyme.__options__): Object {
    "adapter": ReactSixteenAdapter {
      "options": Object {
        "enableComponentDidUpdateOnSetState": true,
        "legacyContextMode": "parent",
        "lifecycles": Object {
          "componentDidUpdate": Object {
            "onSetState": true,
          },
          "getChildContext": Object {
            "calledByRenderer": false,
          },
          "getDerivedStateFromProps": true,
          "getSnapshotBeforeUpdate": true,
          "setState": Object {
            "skipsComponentDidUpdateOnNullish": true,
          },
        },
      },
    },
  },
}
`;
